// Jest Snapshot v1, https://goo.gl/fbAQLP

exports[`Pruebas en <GifItem/> must to match with snapshot 1`] = `
<div>
  <div
    class="card"
  >
    <img
      alt="Dragon ball"
      src="https://dragon-ball.com/goku.jpg"
    />
    <p>
      Dragon ball
    </p>
  </div>
</div>
`;
